<html>
<body>
<pre>
<h1>µVision Build Log</h1>
<h2>Project:</h2>
G:\Alan\Work\gigaset\sample\porting\no_os\iap\bootloader\Project\MDK-ARM\SPI.uvproj
Project File Date:  09/29/2015

<h2>Output:</h2>
Build target 'GD32107C-EVAL'
compiling stm32f10x_it.c...
compiling main.c...
..\main.c(158): warning:  #177-D: variable "j" was declared but never referenced
..\main.c(289): warning:  #192-D: unrecognized character escape sequence
..\main.c(215): warning:  #177-D: variable "write_addr" was declared but never referenced
..\main.c(216): warning:  #177-D: variable "flag" was declared but never referenced
..\main.c(217): warning:  #177-D: variable "j" was declared but never referenced
compiling misc.c...
compiling stm32f10x_adc.c...
compiling stm32f10x_bkp.c...
compiling stm32f10x_can.c...
compiling stm32f10x_cec.c...
compiling stm32f10x_crc.c...
compiling stm32f10x_dac.c...
compiling stm32f10x_dbgmcu.c...
compiling stm32f10x_dma.c...
compiling stm32f10x_exti.c...
compiling stm32f10x_flash.c...
compiling stm32f10x_fsmc.c...
compiling stm32f10x_gpio.c...
compiling stm32f10x_i2c.c...
compiling stm32f10x_iwdg.c...
compiling stm32f10x_pwr.c...
compiling stm32f10x_rcc.c...
compiling stm32f10x_rtc.c...
compiling stm32f10x_sdio.c...
compiling stm32f10x_spi.c...
compiling stm32f10x_tim.c...
compiling stm32f10x_usart.c...
compiling stm32f10x_wwdg.c...
compiling stm32_eval.c...
compiling core_cm3.c...
compiling system_stm32f10x.c...
assembling startup_stm32f10x_cl.s...
compiling SysTick.c...
compiling USART.c...
compiling SPI.c...
compiling GD25Qxx.c...
..\Soft_Drive\GD25Qxx.c(138): warning:  #223-D: function "printf" declared implicitly
compiling stmflash.c...
..\..\Utilities\stmflash\stmflash.c(121): warning:  #550-D: variable "secremain" was set but never used
..\..\Utilities\stmflash\stmflash.c(122): warning:  #177-D: variable "i" was declared but never referenced
compiling delay.c...
linking...
Program Size: Code=6080 RO-data=528 RW-data=76 ZI-data=3596  
FromELF: creating hex file...
User command #1: fromelf --bin ..\..\output\bootloader.axf --output ..\..\output\bootloader.bin
"..\..\output\bootloader.axf" - 0 Error(s), 8 Warning(s).
Clean started: Project: 'SPI'
   deleting intermediate output files for target 'GD32107C-EVAL'
